// Jest Snapshot v1, https://goo.gl/fbAQLP

exports[`AddMovieModal component should render AddMovieModal snapshot 1`] = `<DocumentFragment />`;
